Obtaining file:///C:/p/PequiFlux/TCC/experimento-notebook (from -r requirements.lock (line 41))
  Installing build dependencies: started
  Installing build dependencies: finished with status 'done'
  Checking if build backend supports build_editable: started
  Checking if build backend supports build_editable: finished with status 'done'
  Getting requirements to build editable: started
  Getting requirements to build editable: finished with status 'done'
  Preparing editable metadata (pyproject.toml): started
  Preparing editable metadata (pyproject.toml): finished with status 'done'
Collecting asttokens==3.0.2 (from -r requirements.lock (line 3))
  Using cached asttokens-3.0.2-py3-none-any.whl.metadata (5.7 kB)
Collecting attrs==26.1.0 (from -r requirements.lock (line 4))
  Using cached attrs-26.1.0-py3-none-any.whl.metadata (8.8 kB)
Collecting beautifulsoup4==4.15.0 (from -r requirements.lock (line 5))
  Using cached beautifulsoup4-4.15.0-py3-none-any.whl.metadata (3.8 kB)
Collecting bleach==6.4.0 (from -r requirements.lock (line 6))
  Using cached bleach-6.4.0-py3-none-any.whl.metadata (32 kB)
Collecting colorama==0.4.6 (from -r requirements.lock (line 7))
  Using cached colorama-0.4.6-py2.py3-none-any.whl.metadata (17 kB)
Collecting comm==0.2.3 (from -r requirements.lock (line 8))
  Using cached comm-0.2.3-py3-none-any.whl.metadata (3.7 kB)
Collecting contourpy==1.3.3 (from -r requirements.lock (line 9))
  Using cached contourpy-1.3.3-cp313-cp313-win_amd64.whl.metadata (5.5 kB)
Collecting cycler==0.12.1 (from -r requirements.lock (line 10))
  Using cached cycler-0.12.1-py3-none-any.whl.metadata (3.8 kB)
Collecting debugpy==1.8.21 (from -r requirements.lock (line 11))
  Using cached debugpy-1.8.21-cp313-cp313-win_amd64.whl.metadata (1.5 kB)
Collecting defusedxml==0.7.1 (from -r requirements.lock (line 12))
  Using cached defusedxml-0.7.1-py2.py3-none-any.whl.metadata (32 kB)
Collecting executing==2.2.1 (from -r requirements.lock (line 13))
  Using cached executing-2.2.1-py2.py3-none-any.whl.metadata (8.9 kB)
Collecting fastjsonschema==2.22.2 (from -r requirements.lock (line 14))
  Using cached fastjsonschema-2.22.2-py3-none-any.whl.metadata (2.1 kB)
Collecting fonttools==4.64.0 (from -r requirements.lock (line 15))
  Using cached fonttools-4.64.0-cp313-cp313-win_amd64.whl.metadata (126 kB)
Collecting iniconfig==2.3.0 (from -r requirements.lock (line 16))
  Using cached iniconfig-2.3.0-py3-none-any.whl.metadata (2.5 kB)
Collecting ipykernel==7.3.0 (from -r requirements.lock (line 17))
  Using cached ipykernel-7.3.0-py3-none-any.whl.metadata (4.5 kB)
Collecting ipython==9.17.1 (from -r requirements.lock (line 18))
  Using cached ipython-9.17.1-py3-none-any.whl.metadata (4.6 kB)
Collecting ipython_pygments_lexers==1.1.1 (from -r requirements.lock (line 19))
  Using cached ipython_pygments_lexers-1.1.1-py3-none-any.whl.metadata (1.1 kB)
Collecting jedi==0.20.0 (from -r requirements.lock (line 20))
  Using cached jedi-0.20.0-py2.py3-none-any.whl.metadata (23 kB)
Collecting Jinja2==3.1.6 (from -r requirements.lock (line 21))
  Using cached jinja2-3.1.6-py3-none-any.whl.metadata (2.9 kB)
Collecting jsonschema==4.26.0 (from -r requirements.lock (line 22))
  Using cached jsonschema-4.26.0-py3-none-any.whl.metadata (7.6 kB)
Collecting jsonschema-specifications==2025.9.1 (from -r requirements.lock (line 23))
  Using cached jsonschema_specifications-2025.9.1-py3-none-any.whl.metadata (2.9 kB)
Collecting jupyter_client==8.10.0 (from -r requirements.lock (line 24))
  Using cached jupyter_client-8.10.0-py3-none-any.whl.metadata (8.5 kB)
Collecting jupyter_core==5.9.1 (from -r requirements.lock (line 25))
  Using cached jupyter_core-5.9.1-py3-none-any.whl.metadata (1.5 kB)
Collecting jupyterlab_pygments==0.3.0 (from -r requirements.lock (line 26))
  Using cached jupyterlab_pygments-0.3.0-py3-none-any.whl.metadata (4.4 kB)
Collecting kiwisolver==1.5.1 (from -r requirements.lock (line 27))
  Using cached kiwisolver-1.5.1-cp313-cp313-win_amd64.whl.metadata (5.2 kB)
Collecting MarkupSafe==3.0.3 (from -r requirements.lock (line 28))
  Using cached markupsafe-3.0.3-cp313-cp313-win_amd64.whl.metadata (2.8 kB)
Collecting matplotlib==3.11.1 (from -r requirements.lock (line 29))
  Using cached matplotlib-3.11.1-cp313-cp313-win_amd64.whl.metadata (80 kB)
Collecting matplotlib-inline==0.2.2 (from -r requirements.lock (line 30))
  Using cached matplotlib_inline-0.2.2-py3-none-any.whl.metadata (2.4 kB)
Collecting mistune==3.3.4 (from -r requirements.lock (line 31))
  Using cached mistune-3.3.4-py3-none-any.whl.metadata (1.9 kB)
Collecting nbclient==0.11.0 (from -r requirements.lock (line 32))
  Using cached nbclient-0.11.0-py3-none-any.whl.metadata (7.3 kB)
Collecting nbconvert==7.17.1 (from -r requirements.lock (line 33))
  Using cached nbconvert-7.17.1-py3-none-any.whl.metadata (8.4 kB)
Collecting nbformat==5.11.1 (from -r requirements.lock (line 34))
  Using cached nbformat-5.11.1-py3-none-any.whl.metadata (3.7 kB)
Collecting nest-asyncio2==1.7.2 (from -r requirements.lock (line 35))
  Using cached nest_asyncio2-1.7.2-py3-none-any.whl.metadata (6.3 kB)
Collecting numpy==2.5.2 (from -r requirements.lock (line 36))
  Using cached numpy-2.5.2-cp313-cp313-win_amd64.whl.metadata (6.6 kB)
Collecting packaging==26.3 (from -r requirements.lock (line 37))
  Using cached packaging-26.3-py3-none-any.whl.metadata (3.5 kB)
Collecting pandas==3.0.5 (from -r requirements.lock (line 38))
  Using cached pandas-3.0.5-cp313-cp313-win_amd64.whl.metadata (19 kB)
Collecting pandocfilters==1.5.1 (from -r requirements.lock (line 39))
  Using cached pandocfilters-1.5.1-py2.py3-none-any.whl.metadata (9.0 kB)
Collecting parso==0.8.7 (from -r requirements.lock (line 40))
  Using cached parso-0.8.7-py2.py3-none-any.whl.metadata (8.2 kB)
Collecting pillow==12.3.0 (from -r requirements.lock (line 42))
  Using cached pillow-12.3.0-cp313-cp313-win_amd64.whl.metadata (9.3 kB)
Collecting platformdirs==4.11.7 (from -r requirements.lock (line 43))
  Using cached platformdirs-4.11.7-py3-none-any.whl.metadata (5.5 kB)
Collecting pluggy==1.6.0 (from -r requirements.lock (line 44))
  Using cached pluggy-1.6.0-py3-none-any.whl.metadata (4.8 kB)
Collecting prompt_toolkit==3.0.53 (from -r requirements.lock (line 45))
  Using cached prompt_toolkit-3.0.53-py3-none-any.whl.metadata (6.4 kB)
Collecting psutil==7.2.2 (from -r requirements.lock (line 46))
  Using cached psutil-7.2.2-cp37-abi3-win_amd64.whl.metadata (22 kB)
Collecting pure_eval==0.2.3 (from -r requirements.lock (line 47))
  Using cached pure_eval-0.2.3-py3-none-any.whl.metadata (6.3 kB)
Collecting pyarrow==25.0.1 (from -r requirements.lock (line 48))
  Using cached pyarrow-25.0.1-cp313-cp313-win_amd64.whl.metadata (3.0 kB)
Collecting Pygments==2.21.0 (from -r requirements.lock (line 49))
  Using cached pygments-2.21.0-py3-none-any.whl.metadata (2.5 kB)
Collecting pyparsing==3.3.2 (from -r requirements.lock (line 50))
  Using cached pyparsing-3.3.2-py3-none-any.whl.metadata (5.8 kB)
Collecting pytest==9.1.1 (from -r requirements.lock (line 51))
  Using cached pytest-9.1.1-py3-none-any.whl.metadata (7.6 kB)
Collecting python-dateutil==2.9.0.post0 (from -r requirements.lock (line 52))
  Using cached python_dateutil-2.9.0.post0-py2.py3-none-any.whl.metadata (8.4 kB)
Collecting pyzmq==27.2.0 (from -r requirements.lock (line 53))
  Using cached pyzmq-27.2.0-cp312-abi3-win_amd64.whl.metadata (3.8 kB)
Collecting referencing==0.37.0 (from -r requirements.lock (line 54))
  Using cached referencing-0.37.0-py3-none-any.whl.metadata (2.8 kB)
Collecting rpds-py==2026.6.3 (from -r requirements.lock (line 55))
  Using cached rpds_py-2026.6.3-cp313-cp313-win_amd64.whl.metadata (4.2 kB)
Collecting scipy==1.18.1 (from -r requirements.lock (line 56))
  Using cached scipy-1.18.1-cp313-cp313-win_amd64.whl.metadata (61 kB)
Collecting setuptools==80.10.1 (from -r requirements.lock (line 57))
  Using cached setuptools-80.10.1-py3-none-any.whl.metadata (6.7 kB)
Collecting six==1.17.0 (from -r requirements.lock (line 58))
  Using cached six-1.17.0-py2.py3-none-any.whl.metadata (1.7 kB)
Collecting soupsieve==2.9.2 (from -r requirements.lock (line 59))
  Using cached soupsieve-2.9.2-py3-none-any.whl.metadata (4.6 kB)
Collecting stack-data==0.6.3 (from -r requirements.lock (line 60))
  Using cached stack_data-0.6.3-py3-none-any.whl.metadata (18 kB)
Collecting tinycss2==1.5.1 (from -r requirements.lock (line 61))
  Using cached tinycss2-1.5.1-py3-none-any.whl.metadata (3.0 kB)
Collecting tornado==6.5.8 (from -r requirements.lock (line 62))
  Using cached tornado-6.5.8-cp39-abi3-win_amd64.whl.metadata (2.9 kB)
Collecting traitlets==5.16.1 (from -r requirements.lock (line 63))
  Using cached traitlets-5.16.1-py3-none-any.whl.metadata (10 kB)
Collecting typing_extensions==4.16.0 (from -r requirements.lock (line 64))
  Using cached typing_extensions-4.16.0-py3-none-any.whl.metadata (3.3 kB)
Collecting tzdata==2026.3 (from -r requirements.lock (line 65))
  Using cached tzdata-2026.3-py2.py3-none-any.whl.metadata (1.4 kB)
Collecting wcwidth==0.8.3 (from -r requirements.lock (line 66))
  Using cached wcwidth-0.8.3-py3-none-any.whl.metadata (43 kB)
Collecting webencodings==0.6.1 (from -r requirements.lock (line 67))
  Using cached webencodings-0.6.1-py3-none-any.whl.metadata (3.4 kB)
Using cached asttokens-3.0.2-py3-none-any.whl (28 kB)
Using cached attrs-26.1.0-py3-none-any.whl (67 kB)
Using cached beautifulsoup4-4.15.0-py3-none-any.whl (109 kB)
Using cached bleach-6.4.0-py3-none-any.whl (165 kB)
Using cached colorama-0.4.6-py2.py3-none-any.whl (25 kB)
Using cached comm-0.2.3-py3-none-any.whl (7.3 kB)
Using cached contourpy-1.3.3-cp313-cp313-win_amd64.whl (226 kB)
Using cached cycler-0.12.1-py3-none-any.whl (8.3 kB)
Using cached debugpy-1.8.21-cp313-cp313-win_amd64.whl (5.4 MB)
Using cached defusedxml-0.7.1-py2.py3-none-any.whl (25 kB)
Using cached executing-2.2.1-py2.py3-none-any.whl (28 kB)
Using cached fastjsonschema-2.22.2-py3-none-any.whl (27 kB)
Using cached fonttools-4.64.0-cp313-cp313-win_amd64.whl (2.5 MB)
Using cached iniconfig-2.3.0-py3-none-any.whl (7.5 kB)
Using cached ipykernel-7.3.0-py3-none-any.whl (120 kB)
Using cached ipython-9.17.1-py3-none-any.whl (639 kB)
Using cached ipython_pygments_lexers-1.1.1-py3-none-any.whl (8.1 kB)
Using cached jedi-0.20.0-py2.py3-none-any.whl (4.9 MB)
Using cached jinja2-3.1.6-py3-none-any.whl (134 kB)
Using cached jsonschema-4.26.0-py3-none-any.whl (90 kB)
Using cached jsonschema_specifications-2025.9.1-py3-none-any.whl (18 kB)
Using cached jupyter_client-8.10.0-py3-none-any.whl (110 kB)
Using cached jupyter_core-5.9.1-py3-none-any.whl (29 kB)
Using cached jupyterlab_pygments-0.3.0-py3-none-any.whl (15 kB)
Using cached kiwisolver-1.5.1-cp313-cp313-win_amd64.whl (70 kB)
Using cached markupsafe-3.0.3-cp313-cp313-win_amd64.whl (15 kB)
Using cached matplotlib-3.11.1-cp313-cp313-win_amd64.whl (9.3 MB)
Using cached matplotlib_inline-0.2.2-py3-none-any.whl (9.5 kB)
Using cached mistune-3.3.4-py3-none-any.whl (66 kB)
Using cached nbclient-0.11.0-py3-none-any.whl (25 kB)
Using cached nbconvert-7.17.1-py3-none-any.whl (261 kB)
Using cached nbformat-5.11.1-py3-none-any.whl (79 kB)
Using cached nest_asyncio2-1.7.2-py3-none-any.whl (7.8 kB)
Using cached numpy-2.5.2-cp313-cp313-win_amd64.whl (12.5 MB)
Using cached packaging-26.3-py3-none-any.whl (129 kB)
Using cached pandas-3.0.5-cp313-cp313-win_amd64.whl (9.8 MB)
Using cached pandocfilters-1.5.1-py2.py3-none-any.whl (8.7 kB)
Using cached parso-0.8.7-py2.py3-none-any.whl (107 kB)
Using cached pillow-12.3.0-cp313-cp313-win_amd64.whl (7.2 MB)
Using cached platformdirs-4.11.7-py3-none-any.whl (23 kB)
Using cached pluggy-1.6.0-py3-none-any.whl (20 kB)
Using cached prompt_toolkit-3.0.53-py3-none-any.whl (392 kB)
Using cached psutil-7.2.2-cp37-abi3-win_amd64.whl (137 kB)
Using cached pure_eval-0.2.3-py3-none-any.whl (11 kB)
Using cached pyarrow-25.0.1-cp313-cp313-win_amd64.whl (27.9 MB)
Using cached pygments-2.21.0-py3-none-any.whl (1.3 MB)
Using cached pyparsing-3.3.2-py3-none-any.whl (122 kB)
Using cached pytest-9.1.1-py3-none-any.whl (386 kB)
Using cached python_dateutil-2.9.0.post0-py2.py3-none-any.whl (229 kB)
Using cached pyzmq-27.2.0-cp312-abi3-win_amd64.whl (628 kB)
Using cached referencing-0.37.0-py3-none-any.whl (26 kB)
Using cached rpds_py-2026.6.3-cp313-cp313-win_amd64.whl (219 kB)
Using cached scipy-1.18.1-cp313-cp313-win_amd64.whl (36.6 MB)
Using cached setuptools-80.10.1-py3-none-any.whl (1.1 MB)
Using cached six-1.17.0-py2.py3-none-any.whl (11 kB)
Using cached soupsieve-2.9.2-py3-none-any.whl (37 kB)
Using cached stack_data-0.6.3-py3-none-any.whl (24 kB)
Using cached tinycss2-1.5.1-py3-none-any.whl (28 kB)
Using cached tornado-6.5.8-cp39-abi3-win_amd64.whl (452 kB)
Using cached traitlets-5.16.1-py3-none-any.whl (86 kB)
Using cached typing_extensions-4.16.0-py3-none-any.whl (45 kB)
Using cached tzdata-2026.3-py2.py3-none-any.whl (348 kB)
Using cached wcwidth-0.8.3-py3-none-any.whl (331 kB)
Using cached webencodings-0.6.1-py3-none-any.whl (8.7 kB)
Building wheels for collected packages: pequiflux-experiment
  Building editable for pequiflux-experiment (pyproject.toml): started
  Building editable for pequiflux-experiment (pyproject.toml): finished with status 'done'
  Created wheel for pequiflux-experiment: filename=pequiflux_experiment-0.1.0-0.editable-py3-none-any.whl size=1524 sha256=cbf44b765699b504cbef3b4c703b60ceb39246c7271a3509a9b919fec29e9791
  Stored in directory: C:\Users\marcu\AppData\Local\Temp\pip-ephem-wheel-cache-iixwl2wk\wheels\32\60\c9\e6fecad491c07384a72088d9a660c2bce3b82bd64d1a27ef5e
Successfully built pequiflux-experiment
Installing collected packages: pure_eval, webencodings, wcwidth, tzdata, typing_extensions, traitlets, tornado, soupsieve, six, setuptools, rpds-py, pyzmq, pyparsing, Pygments, pyarrow, psutil, pluggy, platformdirs, pillow, parso, pandocfilters, packaging, numpy, nest-asyncio2, mistune, MarkupSafe, kiwisolver, jupyterlab_pygments, iniconfig, fonttools, fastjsonschema, executing, defusedxml, debugpy, cycler, comm, colorama, attrs, asttokens, tinycss2, stack-data, scipy, referencing, python-dateutil, pytest, prompt_toolkit, matplotlib-inline, jupyter_core, Jinja2, jedi, ipython_pygments_lexers, contourpy, bleach, beautifulsoup4, pandas, matplotlib, jupyter_client, jsonschema-specifications, ipython, jsonschema, ipykernel, nbformat, nbclient, nbconvert, pequiflux-experiment
Successfully installed Jinja2-3.1.6 MarkupSafe-3.0.3 Pygments-2.21.0 asttokens-3.0.2 attrs-26.1.0 beautifulsoup4-4.15.0 bleach-6.4.0 colorama-0.4.6 comm-0.2.3 contourpy-1.3.3 cycler-0.12.1 debugpy-1.8.21 defusedxml-0.7.1 executing-2.2.1 fastjsonschema-2.22.2 fonttools-4.64.0 iniconfig-2.3.0 ipykernel-7.3.0 ipython-9.17.1 ipython_pygments_lexers-1.1.1 jedi-0.20.0 jsonschema-4.26.0 jsonschema-specifications-2025.9.1 jupyter_client-8.10.0 jupyter_core-5.9.1 jupyterlab_pygments-0.3.0 kiwisolver-1.5.1 matplotlib-3.11.1 matplotlib-inline-0.2.2 mistune-3.3.4 nbclient-0.11.0 nbconvert-7.17.1 nbformat-5.11.1 nest-asyncio2-1.7.2 numpy-2.5.2 packaging-26.3 pandas-3.0.5 pandocfilters-1.5.1 parso-0.8.7 pequiflux-experiment-0.1.0 pillow-12.3.0 platformdirs-4.11.7 pluggy-1.6.0 prompt_toolkit-3.0.53 psutil-7.2.2 pure_eval-0.2.3 pyarrow-25.0.1 pyparsing-3.3.2 pytest-9.1.1 python-dateutil-2.9.0.post0 pyzmq-27.2.0 referencing-0.37.0 rpds-py-2026.6.3 scipy-1.18.1 setuptools-80.10.1 six-1.17.0 soupsieve-2.9.2 stack-data-0.6.3 tinycss2-1.5.1 tornado-6.5.8 traitlets-5.16.1 typing_extensions-4.16.0 tzdata-2026.3 wcwidth-0.8.3 webencodings-0.6.1
